src/components/AntiDetection/AntiDetectionIntro.tsx(4,5): error TS6133: 'Zap' is declared but its value is never read.
src/components/AntiDetection/AntiDetectionIntro.tsx(5,5): error TS6133: 'Target' is declared but its value is never read.
src/components/AntiDetection/AntiDetectionIntro.tsx(9,5): error TS6133: 'History' is declared but its value is never read.
src/components/Campaign/RhythmeSlider.tsx(2,1): error TS6133: 'motion' is declared but its value is never read.
src/pages/artisan/SubficheFlow/Step2Enrichment.tsx(1,27): error TS6133: 'useEffect' is declared but its value is never read.
src/pages/artisan/SubficheFlow/Step2Enrichment.tsx(22,42): error TS2339: Property 'city' does not exist on type 'Partial<ReviewOrder>'.
src/pages/auth/RegisterArtisan.tsx(256,22): error TS2304: Cannot find name 'RegionBadge'.
src/pages/auth/RegisterGuide.tsx(175,22): error TS2304: Cannot find name 'RegionBadge'.
