src/scripts/enable_suspensions.ts(2,17): error TS6133: 'pool' is declared but its value is never read.
src/scripts/seed_levels.ts(2,17): error TS6133: 'pool' is declared but its value is never read.
src/services/artisanService.ts(164,15): error TS2322: Type 'QueryResult' is not assignable to type 'any[]'.
  Type 'OkPacket' is missing the following properties from type 'any[]': length, pop, push, concat, and 29 more.
src/utils/token.ts(34,12): error TS2352: Conversion of type 'Jwt & JwtPayload & void' to type 'TokenPayload' may be a mistake because neither type sufficiently overlaps with the other. If this was intentional, convert the expression to 'unknown' first.
  Type 'Jwt & JwtPayload & void' is missing the following properties from type 'TokenPayload': userId, email, role, status
src/utils/token.ts(34,30): error TS2769: No overload matches this call.
  The last overload gave the following error.
    Argument of type 'string | undefined' is not assignable to parameter of type 'Buffer<ArrayBufferLike> | Secret | JsonWebKeyInput | PublicKeyInput | GetPublicKeyOrSecret'.
      Type 'undefined' is not assignable to type 'Buffer<ArrayBufferLike> | Secret | JsonWebKeyInput | PublicKeyInput | GetPublicKeyOrSecret'.
src/utils/token.ts(41,12): error TS2352: Conversion of type 'Jwt & JwtPayload & void' to type 'TokenPayload' may be a mistake because neither type sufficiently overlaps with the other. If this was intentional, convert the expression to 'unknown' first.
  Type 'Jwt & JwtPayload & void' is missing the following properties from type 'TokenPayload': userId, email, role, status
src/utils/token.ts(41,30): error TS2769: No overload matches this call.
  The last overload gave the following error.
    Argument of type 'string | undefined' is not assignable to parameter of type 'Buffer<ArrayBufferLike> | Secret | JsonWebKeyInput | PublicKeyInput | GetPublicKeyOrSecret'.
      Type 'undefined' is not assignable to type 'Buffer<ArrayBufferLike> | Secret | JsonWebKeyInput | PublicKeyInput | GetPublicKeyOrSecret'.
src/utils/token.ts(48,64): error TS2769: No overload matches this call.
  Overload 1 of 5, '(payload: string | object | Buffer<ArrayBufferLike>, secretOrPrivateKey: null, options?: (SignOptions & { algorithm: "none"; }) | undefined): string', gave the following error.
    Argument of type 'string | undefined' is not assignable to parameter of type 'null'.
      Type 'undefined' is not assignable to type 'null'.
  Overload 2 of 5, '(payload: string | object | Buffer<ArrayBufferLike>, secretOrPrivateKey: Buffer<ArrayBufferLike> | Secret | PrivateKeyInput | JsonWebKeyInput, options?: SignOptions | undefined): string', gave the following error.
    Argument of type 'string | undefined' is not assignable to parameter of type 'Buffer<ArrayBufferLike> | Secret | PrivateKeyInput | JsonWebKeyInput'.
      Type 'undefined' is not assignable to type 'Buffer<ArrayBufferLike> | Secret | PrivateKeyInput | JsonWebKeyInput'.
  Overload 3 of 5, '(payload: string | object | Buffer<ArrayBufferLike>, secretOrPrivateKey: Buffer<ArrayBufferLike> | Secret | PrivateKeyInput | JsonWebKeyInput, callback: SignCallback): void', gave the following error.
    Argument of type 'string | undefined' is not assignable to parameter of type 'Buffer<ArrayBufferLike> | Secret | PrivateKeyInput | JsonWebKeyInput'.
      Type 'undefined' is not assignable to type 'Buffer<ArrayBufferLike> | Secret | PrivateKeyInput | JsonWebKeyInput'.
src/utils/token.ts(57,68): error TS2769: No overload matches this call.
  Overload 1 of 5, '(payload: string | object | Buffer<ArrayBufferLike>, secretOrPrivateKey: null, options?: (SignOptions & { algorithm: "none"; }) | undefined): string', gave the following error.
    Argument of type 'string | undefined' is not assignable to parameter of type 'null'.
      Type 'undefined' is not assignable to type 'null'.
  Overload 2 of 5, '(payload: string | object | Buffer<ArrayBufferLike>, secretOrPrivateKey: Buffer<ArrayBufferLike> | Secret | PrivateKeyInput | JsonWebKeyInput, options?: SignOptions | undefined): string', gave the following error.
    Argument of type 'string | undefined' is not assignable to parameter of type 'Buffer<ArrayBufferLike> | Secret | PrivateKeyInput | JsonWebKeyInput'.
      Type 'undefined' is not assignable to type 'Buffer<ArrayBufferLike> | Secret | PrivateKeyInput | JsonWebKeyInput'.
  Overload 3 of 5, '(payload: string | object | Buffer<ArrayBufferLike>, secretOrPrivateKey: Buffer<ArrayBufferLike> | Secret | PrivateKeyInput | JsonWebKeyInput, callback: SignCallback): void', gave the following error.
    Argument of type 'string | undefined' is not assignable to parameter of type 'Buffer<ArrayBufferLike> | Secret | PrivateKeyInput | JsonWebKeyInput'.
      Type 'undefined' is not assignable to type 'Buffer<ArrayBufferLike> | Secret | PrivateKeyInput | JsonWebKeyInput'.
src/utils/token.ts(77,30): error TS2769: No overload matches this call.
  The last overload gave the following error.
    Argument of type 'string | undefined' is not assignable to parameter of type 'Buffer<ArrayBufferLike> | Secret | JsonWebKeyInput | PublicKeyInput | GetPublicKeyOrSecret'.
      Type 'undefined' is not assignable to type 'Buffer<ArrayBufferLike> | Secret | JsonWebKeyInput | PublicKeyInput | GetPublicKeyOrSecret'.
